// Jest Snapshot v1, https://goo.gl/fbAQLP

exports[`pruebas gif grid to match snapshot 1`] = `
<div>
  <h3>
    fallout
  </h3>
  <div
    class="card-grid"
  />
</div>
`;
